// Jest Snapshot v1, https://goo.gl/fbAQLP

exports[`MoviePageReviews should render correctly 1`] = `
<div
  className="movie-card__reviews movie-card__row"
>
  <div
    className="movie-card__reviews-col"
  >
    <div
      className="review"
    >
      <blockquote
        className="review__quote"
      >
        <p
          className="review__text"
        >
          Comment 1
        </p>
        <footer
          className="review__details"
        >
          <cite
            className="review__author"
          >
            Name1
          </cite>
          <time
            className="review__date"
            dateTime={2019-05-08T14:13:56.569Z}
          >
            May 08 2019
          </time>
        </footer>
      </blockquote>
      <div
        className="review__rating"
      >
        8
      </div>
    </div>
    <div
      className="review"
    >
      <blockquote
        className="review__quote"
      >
        <p
          className="review__text"
        >
          Comment 2
        </p>
        <footer
          className="review__details"
        >
          <cite
            className="review__author"
          >
            Name2
          </cite>
          <time
            className="review__date"
            dateTime={2019-05-08T14:13:56.569Z}
          >
            May 08 2019
          </time>
        </footer>
      </blockquote>
      <div
        className="review__rating"
      >
        9
      </div>
    </div>
  </div>
  <div
    className="movie-card__reviews-col"
  >
    <div
      className="review"
    >
      <blockquote
        className="review__quote"
      >
        <p
          className="review__text"
        >
          Comment 3
        </p>
        <footer
          className="review__details"
        >
          <cite
            className="review__author"
          >
            Name3
          </cite>
          <time
            className="review__date"
            dateTime={2019-05-08T14:13:56.569Z}
          >
            May 08 2019
          </time>
        </footer>
      </blockquote>
      <div
        className="review__rating"
      >
        10
      </div>
    </div>
  </div>
</div>
`;
