// Jest Snapshot v1, https://goo.gl/fbAQLP

exports[`MoviePageOverview should render correctly 1`] = `
Array [
  <div
    className="movie-rating"
  >
    <div
      className="movie-rating__score"
    >
      9
    </div>
    <p
      className="movie-rating__meta"
    >
      <span
        className="movie-rating__level"
      >
        Very good
      </span>
      <span
        className="movie-rating__count"
      >
        200
         ratings
      </span>
    </p>
  </div>,
  <div
    className="movie-card__text"
  >
    description
    <p
      className="movie-card__director"
    >
      <strong>
        Director: 
        director
      </strong>
    </p>
    <p
      className="movie-card__starring"
    >
      <strong>
        Starring: 
        Actor1
        Actor2
        Actor3
      </strong>
    </p>
  </div>,
]
`;
