// Jest Snapshot v1, https://goo.gl/fbAQLP

exports[`withVideoPlayer should render correctly 1`] = `
<div>
  <video />
</div>
`;
