// Jest Snapshot v1, https://goo.gl/fbAQLP

exports[`MovieCard should render correctly 1`] = `
<article
  className="small-movie-card catalog__movies-card"
  onClick={[Function]}
>
  <div
    className="small-movie-card__image"
  />
  <h3
    className="small-movie-card__title"
  >
    <a
      className="small-movie-card__link"
      href="movie-page.html"
    >
      Shutter Island
    </a>
  </h3>
</article>
`;
